  Hotkey.cpp
  imgui.cpp
  imgui_demo.cpp
  imgui_draw.cpp
  imgui_impl_dx9.cpp
  imgui_impl_win32.cpp
  imgui_widgets.cpp
  InputUtil.cpp
  kiero.cpp
  main.cpp
  buffer.c
  hde32.c
  hde64.c
  hook.c
  trampoline.c
  Generating code
  Previous IPDB not found, fall back to full compilation.
  All 2279 functions were compiled because no usable IPDB/IOBJ from previous compilation was found.
  Finished generating code
  Garry's Mod project.vcxproj -> F:\Users\bottom_text\source\repos\GMOD\Release\GMOD.dll
